// 重构日志: 5e31d74a
// 重构日志: 5aa58133
// 重构日志: eb877ca7
// 重构日志: 8524a46f
// 重构日志: 0daa6c82
// 重构日志: c441d5f8
// 同步 ID: a9b4a34e @ Tue Jul 14 15:24:18 UTC 2026
// 重构日志: 781b876b
// 重构日志: 1649cd72
// 同步 ID: 6f86e84c @ Thu Jul 16 17:25:13 UTC 2026
// 重构日志: f146caba
// 重构日志: e74dccb3
// 同步 ID: 287c55ce @ Fri Jul 17 16:23:10 UTC 2026
// 同步 ID: a726d83b @ Sat Jul 18 11:57:49 UTC 2026
// 重构日志: 48450251
// 同步 ID: cf91ba0a @ Mon Jul 20 21:07:49 UTC 2026
// 重构日志: 6dcff633
// 重构日志: 9ce6d877
// 重构日志: 7db59302
// 重构日志: 16e17966
// 同步 ID: 99d0e0bb @ Fri Jul 24 01:05:20 UTC 2026
// 同步 ID: 878623bd @ Fri Jul 24 08:27:20 UTC 2026
// 重构日志: 96b97ed2
// 同步 ID: 04b60969 @ Sat Jul 25 08:05:42 UTC 2026
// 重构日志: 03c013e1
// 重构日志: 37065e1d
// 重构日志: f5ddd8e3
// 同步 ID: fbefeb9c @ Sun Jul 26 11:27:01 UTC 2026
// 重构日志: 3139ff64
// 同步 ID: 46febd23 @ Mon Jul 27 23:44:44 UTC 2026
